==============================================================================
Tests                                                                         
==============================================================================
Tests.Testdemo5 :: To validate the Login Form                                 
==============================================================================
Invalid username                                                      | PASS |
------------------------------------------------------------------------------
Invalid password                                                      | PASS |
------------------------------------------------------------------------------
Login with user rahulshettyacademy and password learninga             | PASS |
------------------------------------------------------------------------------
Tests.Testdemo5 :: To validate the Login Form                         | PASS |
3 tests, 3 passed, 0 failed
==============================================================================
Tests                                                                 | PASS |
3 tests, 3 passed, 0 failed
==============================================================================
Output:  /home/rabik/Desktop/Robot Testing/tests/pabot_results/4/output.xml
