==============================================================================
Tests                                                                         
==============================================================================
Tests.Testdemo2 :: To validate the Login Form                                 
==============================================================================
Validate Unsuccessful Login                                           | PASS |
------------------------------------------------------------------------------
Validate Cards display in the Shopping page                           | PASS |
------------------------------------------------------------------------------
Select the Form and navigate to Child window                          | PASS |
------------------------------------------------------------------------------
Tests.Testdemo2 :: To validate the Login Form                         | PASS |
3 tests, 3 passed, 0 failed
==============================================================================
Tests                                                                 | PASS |
3 tests, 3 passed, 0 failed
==============================================================================
Output:  /home/rabik/Desktop/Robot Testing/tests/pabot_results/1/output.xml
