==============================================================================
Tests                                                                         
==============================================================================
Tests.Testdemo1 :: To validate the Login Form                                 
==============================================================================
Validate Unsuccessful Login                                           | PASS |
------------------------------------------------------------------------------
Tests.Testdemo1 :: To validate the Login Form                         | PASS |
1 test, 1 passed, 0 failed
==============================================================================
Tests                                                                 | PASS |
1 test, 1 passed, 0 failed
==============================================================================
Output:  /home/rabik/Desktop/Robot Testing/tests/pabot_results/0/output.xml
