==============================================================================
Tests                                                                         
==============================================================================
Tests.Testdemo3 :: To validate the Login Form                                 
==============================================================================
Validate Child window Functionality                                   | PASS |
------------------------------------------------------------------------------
Tests.Testdemo3 :: To validate the Login Form                         | PASS |
1 test, 1 passed, 0 failed
==============================================================================
Tests                                                                 | PASS |
1 test, 1 passed, 0 failed
==============================================================================
Output:  /home/rabik/Desktop/Robot Testing/tests/pabot_results/2/output.xml
