==============================================================================
Tests                                                                         
==============================================================================
Tests.Testdemo6 :: To validate the Login Form                                 
==============================================================================
Validate Cards display in the Shopping page                           | PASS |
------------------------------------------------------------------------------
Tests.Testdemo6 :: To validate the Login Form                         | PASS |
1 test, 1 passed, 0 failed
==============================================================================
Tests                                                                 | PASS |
1 test, 1 passed, 0 failed
==============================================================================
Output:  /home/rabik/Desktop/Robot Testing/tests/pabot_results/5/output.xml
