==============================================================================
Tests                                                                         
==============================================================================
Tests.Testdemo4 :: To validate the Login Form                                 
==============================================================================
Invalid username                                                      | PASS |
------------------------------------------------------------------------------
Invalid password                                                      | PASS |
------------------------------------------------------------------------------
Invaid dubbai                                                         | PASS |
------------------------------------------------------------------------------
Tests.Testdemo4 :: To validate the Login Form                         | PASS |
3 tests, 3 passed, 0 failed
==============================================================================
Tests                                                                 | PASS |
3 tests, 3 passed, 0 failed
==============================================================================
Output:  /home/rabik/Desktop/Robot Testing/tests/pabot_results/3/output.xml
